// Jest Snapshot v1, https://goo.gl/fbAQLP

exports[`Spartacus Schematics: ng-add should add spartacus properly with both PWA and SSR 1`] = `
"import { HttpClientModule } from "@angular/common/http";
import { NgModule } from '@angular/core';
import { BrowserModule } from '@angular/platform-browser';
import { EffectsModule } from "@ngrx/effects";
import { StoreModule } from "@ngrx/store";
import { AppRoutingModule } from "@spartacus/storefront";
import { AppComponent } from './app.component';
import { SpartacusModule } from './spartacus/spartacus.module';

@NgModule({
  declarations: [
    AppComponent
  ],
  imports: [
    BrowserModule.withServerTransition({ appId: 'serverApp' }),
    HttpClientModule,
    AppRoutingModule,
    StoreModule.forRoot({}),
    EffectsModule.forRoot([]),
    SpartacusModule,
  ],
  providers: [],
  bootstrap: [AppComponent]
})
export class AppModule { }
"
`;

exports[`Spartacus Schematics: ng-add should add spartacus properly with both PWA and SSR 2`] = `
"{
  "name": "workspace",
  "version": "0.0.0",
  "scripts": {
    "ng": "ng",
    "start": "ng serve",
    "build": "ng build",
    "watch": "ng build --watch --configuration development",
    "test": "ng test",
    "dev:ssr": "ng run schematics-test:serve-ssr",
    "serve:ssr": "node dist/schematics-test/server/main.js",
    "build:ssr": "ng build && ng run schematics-test:server",
    "prerender": "ng run schematics-test:prerender"
  },
  "private": true,
  "dependencies": {
    "@angular/animations": "^14.2.0",
    "@angular/common": "^14.2.0",
    "@angular/compiler": "^14.2.0",
    "@angular/core": "^14.2.0",
    "@angular/forms": "^14.2.0",
    "@angular/platform-browser": "^14.2.0",
    "@angular/platform-browser-dynamic": "^14.2.0",
    "@angular/platform-server": "^14.2.3",
    "@angular/router": "^14.2.0",
    "@angular/service-worker": "^14.2.3",
    "@ng-select/ng-select": "^9.0.2",
    "@ngrx/effects": "^14.3.0",
    "@ngrx/router-store": "^14.3.0",
    "@ngrx/store": "^14.3.0",
    "@nguniversal/express-engine": "^14.2.0",
    "@spartacus/assets": "~4.1.0-next.0",
    "@spartacus/core": "~4.1.0-next.0",
    "@spartacus/setup": "~4.1.0-next.0",
    "@spartacus/storefront": "~4.1.0-next.0",
    "@spartacus/styles": "~4.1.0-next.0",
    "angular-oauth2-oidc": "^13.0.1",
    "bootstrap": "^4.6.1",
    "express": "^4.15.2",
    "i18next": "^21.9.1",
    "i18next-http-backend": "^1.4.1",
    "ngx-infinite-scroll": "^14.0.0",
    "rxjs": "^6.6.0",
    "ts-loader": "^9.3.1",
    "tslib": "^2.3.0",
    "zone.js": "~0.11.4"
  },
  "devDependencies": {
    "@angular-devkit/build-angular": "^14.2.3",
    "@angular/cli": "~0.5.0",
    "@angular/compiler-cli": "^14.2.0",
    "@nguniversal/builders": "^14.2.0",
    "@types/express": "^4.17.0",
    "@types/jasmine": "~4.0.0",
    "@types/node": "^14.15.0",
    "jasmine-core": "~4.3.0",
    "karma": "~6.4.0",
    "karma-chrome-launcher": "~3.1.0",
    "karma-coverage": "~2.2.0",
    "karma-jasmine": "~5.1.0",
    "karma-jasmine-html-reporter": "~2.0.0",
    "typescript": "~4.7.2"
  }
}"
`;

exports[`Spartacus Schematics: ng-add should add spartacus properly with both PWA and SSR 3`] = `
"import { NgModule } from '@angular/core';
import { ServerModule } from '@angular/platform-server';

import { AppModule } from './app.module';
import { AppComponent } from './app.component';
import { provideServer } from '@spartacus/setup/ssr';

@NgModule({
  imports: [
    AppModule,
    ServerModule,
  ],
  bootstrap: [AppComponent],
  providers: [
    ...provideServer({
       serverRequestOrigin: process.env['SERVER_REQUEST_ORIGIN'],
     }),
  ],
})
export class AppServerModule {}
"
`;
