// Jest Snapshot v1, https://goo.gl/fbAQLP

exports[`Workspace utils getProject should return project 1`] = `
{
  "architect": {
    "build": {
      "builder": "@angular-devkit/build-angular:browser",
      "configurations": {
        "development": {
          "buildOptimizer": false,
          "extractLicenses": false,
          "namedChunks": true,
          "optimization": false,
          "sourceMap": true,
          "vendorChunk": true,
        },
        "production": {
          "budgets": [
            {
              "maximumError": "2.5mb",
              "maximumWarning": "500kb",
              "type": "initial",
            },
            {
              "maximumError": "4kb",
              "maximumWarning": "2kb",
              "type": "anyComponentStyle",
            },
          ],
          "fileReplacements": [
            {
              "replace": "src/environments/environment.ts",
              "with": "src/environments/environment.prod.ts",
            },
          ],
          "outputHashing": "all",
        },
      },
      "defaultConfiguration": "production",
      "options": {
        "assets": [
          "src/favicon.ico",
          "src/assets",
        ],
        "index": "src/index.html",
        "inlineStyleLanguage": "scss",
        "main": "src/main.ts",
        "outputPath": "dist/schematics-test",
        "polyfills": "src/polyfills.ts",
        "scripts": [],
        "stylePreprocessorOptions": {
          "includePaths": [
            "node_modules/",
          ],
        },
        "styles": [
          "src/styles.scss",
        ],
        "tsConfig": "tsconfig.app.json",
      },
    },
    "extract-i18n": {
      "builder": "@angular-devkit/build-angular:extract-i18n",
      "options": {
        "browserTarget": "schematics-test:build",
      },
    },
    "serve": {
      "builder": "@angular-devkit/build-angular:dev-server",
      "configurations": {
        "development": {
          "browserTarget": "schematics-test:build:development",
        },
        "production": {
          "browserTarget": "schematics-test:build:production",
        },
      },
      "defaultConfiguration": "development",
    },
    "test": {
      "builder": "@angular-devkit/build-angular:karma",
      "options": {
        "assets": [
          "src/favicon.ico",
          "src/assets",
        ],
        "inlineStyleLanguage": "scss",
        "karmaConfig": "karma.conf.js",
        "main": "src/test.ts",
        "polyfills": "src/polyfills.ts",
        "scripts": [],
        "stylePreprocessorOptions": {
          "includePaths": [
            "node_modules/",
          ],
        },
        "styles": [
          "src/styles.scss",
        ],
        "tsConfig": "tsconfig.spec.json",
      },
    },
  },
  "prefix": "app",
  "projectType": "application",
  "root": "",
  "schematics": {
    "@schematics/angular:component": {
      "style": "scss",
    },
  },
  "sourceRoot": "src",
}
`;

exports[`Workspace utils getProjectTargets should return project targets 1`] = `
{
  "build": {
    "builder": "@angular-devkit/build-angular:browser",
    "configurations": {
      "development": {
        "buildOptimizer": false,
        "extractLicenses": false,
        "namedChunks": true,
        "optimization": false,
        "sourceMap": true,
        "vendorChunk": true,
      },
      "production": {
        "budgets": [
          {
            "maximumError": "2.5mb",
            "maximumWarning": "500kb",
            "type": "initial",
          },
          {
            "maximumError": "4kb",
            "maximumWarning": "2kb",
            "type": "anyComponentStyle",
          },
        ],
        "fileReplacements": [
          {
            "replace": "src/environments/environment.ts",
            "with": "src/environments/environment.prod.ts",
          },
        ],
        "outputHashing": "all",
      },
    },
    "defaultConfiguration": "production",
    "options": {
      "assets": [
        "src/favicon.ico",
        "src/assets",
      ],
      "index": "src/index.html",
      "inlineStyleLanguage": "scss",
      "main": "src/main.ts",
      "outputPath": "dist/schematics-test",
      "polyfills": "src/polyfills.ts",
      "scripts": [],
      "stylePreprocessorOptions": {
        "includePaths": [
          "node_modules/",
        ],
      },
      "styles": [
        "src/styles.scss",
      ],
      "tsConfig": "tsconfig.app.json",
    },
  },
  "extract-i18n": {
    "builder": "@angular-devkit/build-angular:extract-i18n",
    "options": {
      "browserTarget": "schematics-test:build",
    },
  },
  "serve": {
    "builder": "@angular-devkit/build-angular:dev-server",
    "configurations": {
      "development": {
        "browserTarget": "schematics-test:build:development",
      },
      "production": {
        "browserTarget": "schematics-test:build:production",
      },
    },
    "defaultConfiguration": "development",
  },
  "test": {
    "builder": "@angular-devkit/build-angular:karma",
    "options": {
      "assets": [
        "src/favicon.ico",
        "src/assets",
      ],
      "inlineStyleLanguage": "scss",
      "karmaConfig": "karma.conf.js",
      "main": "src/test.ts",
      "polyfills": "src/polyfills.ts",
      "scripts": [],
      "stylePreprocessorOptions": {
        "includePaths": [
          "node_modules/",
        ],
      },
      "styles": [
        "src/styles.scss",
      ],
      "tsConfig": "tsconfig.spec.json",
    },
  },
}
`;
